D /
D test2

D test2
F file1
F file2

Error: can not copy/move into the same place
Error: can not move dir into itself
Error: destination file or dir not found
Error: source file or dir not found
Error: source file or dir not found
