D test
D test
F file1
Error: file with the same name already exists
Error: empty destination filename
Error: destination filename is too long
Error: destination filename is too long
